#-----------------------------------------------------------
# Webtalk v2019.2.1 (64-bit)
# SW Build 2729669 on Thu Dec  5 04:48:12 MST 2019
# IP Build 2729494 on Thu Dec  5 07:38:25 MST 2019
# Start of session at: Wed Mar 17 23:05:23 2021
# Process ID: 27734
# Current directory: /home/jon/Desktop/capstone/vhdl_generator/generated_output_vivado_projects/generated_math_vivado_project/generated_math_vivado_project.sim/sim_1/behav/xsim
# Command line: wbtcv -mode batch -source /home/jon/Desktop/capstone/vhdl_generator/generated_output_vivado_projects/generated_math_vivado_project/generated_math_vivado_project.sim/sim_1/behav/xsim/xsim.dir/math_testbench_behav/webtalk/xsim_webtalk.tcl -notrace
# Log file: /home/jon/Desktop/capstone/vhdl_generator/generated_output_vivado_projects/generated_math_vivado_project/generated_math_vivado_project.sim/sim_1/behav/xsim/webtalk.log
# Journal file: /home/jon/Desktop/capstone/vhdl_generator/generated_output_vivado_projects/generated_math_vivado_project/generated_math_vivado_project.sim/sim_1/behav/xsim/webtalk.jou
#-----------------------------------------------------------
source /home/jon/Desktop/capstone/vhdl_generator/generated_output_vivado_projects/generated_math_vivado_project/generated_math_vivado_project.sim/sim_1/behav/xsim/xsim.dir/math_testbench_behav/webtalk/xsim_webtalk.tcl -notrace
