#-----------------------------------------------------------
# Vivado v2019.2.1 (64-bit)
# SW Build 2729669 on Thu Dec  5 04:48:12 MST 2019
# IP Build 2729494 on Thu Dec  5 07:38:25 MST 2019
# Start of session at: Wed Feb 17 23:26:15 2021
# Process ID: 2056
# Current directory: /home/jon/Desktop/capstone
# Command line: vivado
# Log file: /home/jon/Desktop/capstone/vivado.log
# Journal file: /home/jon/Desktop/capstone/vivado.jou
#-----------------------------------------------------------
start_gui
open_project /home/jon/Desktop/capstone/copy1_poc/copy1_poc.xpr
update_compile_order -fileset sources_1
update_compile_order -fileset sources_1
add_files -norecurse /home/jon/Desktop/capstone/copy1_poc/copy1_poc.srcs/sources_1/imports/new/copy1_wrapper.vhdl
update_compile_order -fileset sources_1
add_files -norecurse /home/jon/Desktop/capstone/copy1_poc/copy1_poc.srcs/sources_1/imports/new/copy1.vhdl
add_files -norecurse /home/jon/Desktop/capstone/copy1_poc/copy1_poc.srcs/sources_1/imports/new/copy1.vhdl
add_files {/home/jon/Desktop/capstone/copy1_poc/copy1_poc.srcs/sources_1/imports/new/axi_fifo.vhd /home/jon/Desktop/capstone/copy1_poc/copy1_poc.srcs/sources_1/imports/new/copy1.vhdl /home/jon/Desktop/capstone/copy1_poc/copy1_poc.srcs/sources_1/imports/new/copy1_wrapper.vhdl /home/jon/Desktop/capstone/copy1_poc/copy1_poc.srcs/sources_1/imports/new/entity_node.vhdl}
add_files -norecurse /home/jon/Desktop/capstone/copy1_poc/copy1_poc.srcs/sources_1/imports/new/copy1.vhdl
update_compile_order -fileset sources_1
write_project_tcl -all_properties -dump_project_info {/home/jon/Desktop/capstone/copy1_poc/copy1_poc.srcs/sources_1/imports/new/copy1_poc.tcl}
synth_design -rtl -name rtl_1
synth_design -rtl -name rtl_1
synth_design -rtl -name rtl_1
launch_runs synth_1
wait_on_run synth_1
reset_run synth_1
launch_runs synth_1
wait_on_run synth_1
reset_run synth_1
launch_runs synth_1
wait_on_run synth_1
reset_run synth_1
launch_runs synth_1
wait_on_run synth_1
reset_run synth_1
launch_runs synth_1
wait_on_run synth_1
reset_run synth_1
launch_runs synth_1
wait_on_run synth_1
