#-----------------------------------------------------------
# Vivado v2019.2.1 (64-bit)
# SW Build 2729669 on Thu Dec  5 04:48:12 MST 2019
# IP Build 2729494 on Thu Dec  5 07:38:25 MST 2019
# Start of session at: Thu Feb 18 00:53:52 2021
# Process ID: 11557
# Current directory: /home/jon/Desktop/capstone
# Command line: vivado
# Log file: /home/jon/Desktop/capstone/vivado.log
# Journal file: /home/jon/Desktop/capstone/vivado.jou
#-----------------------------------------------------------
start_gui
open_project /home/jon/Desktop/capstone/copy1_poc/copy1_poc.xpr
update_compile_order -fileset sources_1
reset_run synth_1
launch_runs synth_1
wait_on_run synth_1
update_compile_order -fileset sources_1
update_compile_order -fileset sources_1
update_compile_order -fileset sources_1
reset_run synth_1
launch_runs synth_1
wait_on_run synth_1
reset_run synth_1
launch_runs synth_1
wait_on_run synth_1
synth_design -rtl -name rtl_1
reset_run synth_1
launch_runs synth_1
wait_on_run synth_1
reset_run synth_1
launch_runs synth_1
wait_on_run synth_1
reset_run synth_1
launch_runs synth_1
wait_on_run synth_1
open_run synth_1 -name synth_1
synth_design -rtl -name rtl_1
refresh_design
reset_run synth_1
launch_runs synth_1
wait_on_run synth_1
current_design synth_1
close_design
open_run synth_1 -name synth_1
launch_runs impl_1
wait_on_run impl_1
launch_simulation -mode post-synthesis -type functional
current_design rtl_1
refresh_design
write_project_tcl -all_properties -dump_project_info {/home/jon/Desktop/capstone/copy1_poc.tcl}
