#-----------------------------------------------------------
# Vivado v2019.2.1 (64-bit)
# SW Build 2729669 on Thu Dec  5 04:48:12 MST 2019
# IP Build 2729494 on Thu Dec  5 07:38:25 MST 2019
# Start of session at: Mon Mar 29 22:07:07 2021
# Process ID: 39621
# Current directory: /home/jon/Desktop/capstone/vhdl_generator/generated_output_vivado_projects/generated_copy1_vivado_project/generated_copy1_vivado_project.runs/synth_1
# Command line: vivado -log copy1_testbench.vds -product Vivado -mode batch -messageDb vivado.pb -notrace -source copy1_testbench.tcl
# Log file: /home/jon/Desktop/capstone/vhdl_generator/generated_output_vivado_projects/generated_copy1_vivado_project/generated_copy1_vivado_project.runs/synth_1/copy1_testbench.vds
# Journal file: /home/jon/Desktop/capstone/vhdl_generator/generated_output_vivado_projects/generated_copy1_vivado_project/generated_copy1_vivado_project.runs/synth_1/vivado.jou
#-----------------------------------------------------------
source copy1_testbench.tcl -notrace
